TAP version 13
# Subtest: public active authority wakes a runtime whose initial discovery was empty
ok 1 - public active authority wakes a runtime whose initial discovery was empty
  ---
  duration_ms: 21.817
  type: 'test'
  ...
# Subtest: public completed authority rehydrates the result when open discovery has no rows
ok 2 - public completed authority rehydrates the result when open discovery has no rows
  ---
  duration_ms: 2.5132
  type: 'test'
  ...
# Subtest: public version advance reconciles an existing pending round without a local action
ok 3 - public version advance reconciles an existing pending round without a local action
  ---
  duration_ms: 1.4031
  type: 'test'
  ...
# Subtest: fresh public authority recovers a subscription-suspended eligible runtime
ok 4 - fresh public authority recovers a subscription-suspended eligible runtime
  ---
  duration_ms: 1.4082
  type: 'test'
  ...
# Subtest: duplicate public and realtime signals start only one relay
ok 5 - duplicate public and realtime signals start only one relay
  ---
  duration_ms: 1.2217
  type: 'test'
  ...
# Subtest: both hosts reconcile the same authoritative pair from remote signals
ok 6 - both hosts reconcile the same authoritative pair from remote signals
  ---
  duration_ms: 1.4451
  type: 'test'
  ...
# Subtest: a mismatched session is rejected rather than relinked to the active Battle
ok 7 - a mismatched session is rejected rather than relinked to the active Battle
  ---
  duration_ms: 0.9041
  type: 'test'
  ...
# Subtest: late subscription error from an obsolete session cannot suspend the new subscription
ok 8 - late subscription error from an obsolete session cannot suspend the new subscription
  ---
  duration_ms: 1.3265
  type: 'test'
  ...
# Subtest: authoritative completion holds post-round and stops on terminal decision without ending LIVE
ok 9 - authoritative completion holds post-round and stops on terminal decision without ending LIVE
  ---
  duration_ms: 1.8324
  type: 'test'
  ...
# Subtest: cleanup removes timers, subscriptions and listeners and ignores a late reconciliation
ok 10 - cleanup removes timers, subscriptions and listeners and ignores a late reconciliation
  ---
  duration_ms: 1.4634
  type: 'test'
  ...
# Subtest: public authority received before join is delivered when the native controller is created
ok 11 - public authority received before join is delivered when the native controller is created
  ---
  duration_ms: 35.2682
  type: 'test'
  ...
# Subtest: stable engine callbacks do not recreate an eligible controller during public clock updates
ok 12 - stable engine callbacks do not recreate an eligible controller during public clock updates
  ---
  duration_ms: 28.8841
  type: 'test'
  ...
# Subtest: context recovery reapplies the current projection even if its object identity is unchanged
ok 13 - context recovery reapplies the current projection even if its object identity is unchanged
  ---
  duration_ms: 26.9604
  type: 'test'
  ...
# Subtest: authoritative runtime completion refreshes the UI snapshot without relying on a second realtime delivery
ok 14 - authoritative runtime completion refreshes the UI snapshot without relying on a second realtime delivery
  ---
  duration_ms: 20.0928
  type: 'test'
  ...
# Subtest: a failed LIVE authority read does not masquerade as an ended session or clear the Battle
ok 15 - a failed LIVE authority read does not masquerade as an ended session or clear the Battle
  ---
  duration_ms: 62.6654
  type: 'test'
  ...
# Subtest: an obsolete poll response cannot mutate the authority of the current session pair
ok 16 - an obsolete poll response cannot mutate the authority of the current session pair
  ---
  duration_ms: 42.925
  type: 'test'
  ...
# Subtest: both authorized hosts get rematch availability while viewers get only the result
ok 17 - both authorized hosts get rematch availability while viewers get only the result
  ---
  duration_ms: 0.3742
  type: 'test'
  ...
# Subtest: double rematch tap has one flight and one accepted next-round transition
ok 18 - double rematch tap has one flight and one accepted next-round transition
  ---
  duration_ms: 0.4562
  type: 'test'
  ...
# Subtest: reject and expiry are derived from authoritative decisions, never inferred as an accepted rematch
ok 19 - reject and expiry are derived from authoritative decisions, never inferred as an accepted rematch
  ---
  duration_ms: 0.1897
  type: 'test'
  ...
# Subtest: missing remote UID retains both panels and the authoritative countdown/active Stage
ok 20 - missing remote UID retains both panels and the authoritative countdown/active Stage
  ---
  duration_ms: 93.4605
  type: 'test'
  ...
# Subtest: clock expiry alone neither removes Stage nor fabricates a completed round
ok 21 - clock expiry alone neither removes Stage nor fabricates a completed round
  ---
  duration_ms: 98.0027
  type: 'test'
  ...
# Subtest: post-round renders result and real rematch handler for both hosts with touch-safe ancestry
ok 22 - post-round renders result and real rematch handler for both hosts with touch-safe ancestry
  ---
  duration_ms: 123.3296
  type: 'test'
  ...
# Subtest: viewer result has no host rematch or glove controls and pending host request is disabled
ok 23 - viewer result has no host rematch or glove controls and pending host request is disabled
  ---
  duration_ms: 61.056
  type: 'test'
  ...
# Subtest: unmounted controller ignores a late authority response and creates no relay or timers
ok 24 - unmounted controller ignores a late authority response and creates no relay or timers
  ---
  duration_ms: 4.8759
  type: 'test'
  ...
# Subtest: development runtime diagnostics abbreviate identifiers and are silent in production
ok 25 - development runtime diagnostics abbreviate identifiers and are silent in production
  ---
  duration_ms: 98.8728
  type: 'test'
  ...
# Subtest: pending and accepted Battles never start relay
ok 26 - pending and accepted Battles never start relay
  ---
  duration_ms: 5.3916
  type: 'test'
  ...
# Subtest: countdown starts once and an active update keeps the same relay
ok 27 - countdown starts once and an active update keeps the same relay
  ---
  duration_ms: 8.9642
  type: 'test'
  ...
# Subtest: viewer and cohost contexts perform no discovery, token request, or relay start
ok 28 - viewer and cohost contexts perform no discovery, token request, or relay start
  ---
  duration_ms: 0.9929
  type: 'test'
  ...
# Subtest: terminal transition and ended LIVE stop relay exactly once
ok 29 - terminal transition and ended LIVE stop relay exactly once
  ---
  duration_ms: 3.5876
  type: 'test'
  ...
# Subtest: background stops relay and foreground performs a fresh authoritative reconciliation
ok 30 - background stops relay and foreground performs a fresh authoritative reconciliation
  ---
  duration_ms: 2.1525
  type: 'test'
  ...
# Subtest: engine reconnect performs one controlled relay restart per reconnect flight
ok 31 - engine reconnect performs one controlled relay restart per reconnect flight
  ---
  duration_ms: 1.2746
  type: 'test'
  ...
# Subtest: Battle switch stops the old relay before starting the new one
ok 32 - Battle switch stops the old relay before starting the new one
  ---
  duration_ms: 2.44
  type: 'test'
  ...
# Subtest: duplicate, stale, and out-of-order Realtime events cannot duplicate or revive relay
ok 33 - duplicate, stale, and out-of-order Realtime events cannot duplicate or revive relay
  ---
  duration_ms: 1.4938
  type: 'test'
  ...
# Subtest: a delayed reconciliation after stop cannot revive relay
ok 34 - a delayed reconciliation after stop cannot revive relay
  ---
  duration_ms: 1.2097
  type: 'test'
  ...
# Subtest: a delayed relay authorization promise cannot revive a stopped runtime
ok 35 - a delayed relay authorization promise cannot revive a stopped runtime
  ---
  duration_ms: 1.6847
  type: 'test'
  ...
# Subtest: token or Agora failure is isolated from the LIVE lifecycle
ok 36 - token or Agora failure is isolated from the LIVE lifecycle
  ---
  duration_ms: 0.8298
  type: 'test'
  ...
# Subtest: multiple non-terminal Battles and Realtime failure fail closed
ok 37 - multiple non-terminal Battles and Realtime failure fail closed
  ---
  duration_ms: 1.5588
  type: 'test'
  ...
# Subtest: engine release and dispose synchronously invalidate relay and clean only owned resources
ok 38 - engine release and dispose synchronously invalidate relay and clean only owned resources
  ---
  duration_ms: 1.2531
  type: 'test'
  ...
# Subtest: LB4-F1 wiring is host-only, filtered, canonical, and contains no direct Battle writes
ok 39 - LB4-F1 wiring is host-only, filtered, canonical, and contains no direct Battle writes
  ---
  duration_ms: 1.4113
  type: 'test'
  ...
# Subtest: engine owner invokes the relay guard before leave/release and runtime never creates another engine
ok 40 - engine owner invokes the relay guard before leave/release and runtime never creates another engine
  ---
  duration_ms: 1.1493
  type: 'test'
  ...
# Subtest: web remains explicitly unsupported without token requests or retry loops
ok 41 - web remains explicitly unsupported without token requests or retry loops
  ---
  duration_ms: 0.2612
  type: 'test'
  ...
# Subtest: C3 is append-only and replaces only leave_live_battle_series
ok 42 - C3 is append-only and replaces only leave_live_battle_series
  ---
  duration_ms: 3.2017
  type: 'test'
  ...
# Subtest: leave preserves security definer identity validation and closed ACL
ok 43 - leave preserves security definer identity validation and closed ACL
  ---
  duration_ms: 1.2584
  type: 'test'
  ...
# Subtest: the first series read is non-locking and canonical locks precede the Battle lock
ok 44 - the first series read is non-locking and canonical locks precede the Battle lock
  ---
  duration_ms: 0.8552
  type: 'test'
  ...
# Subtest: clock and reconciliation happen only after the latest Battle is locked
ok 45 - clock and reconciliation happen only after the latest Battle is locked
  ---
  duration_ms: 0.3363
  type: 'test'
  ...
# Subtest: active leave reuses transition authority before taking the explicit series lock
ok 46 - active leave reuses transition authority before taking the explicit series lock
  ---
  duration_ms: 1.1733
  type: 'test'
  ...
# Subtest: challenger and opponent cancellation reasons are exact
ok 47 - challenger and opponent cancellation reasons are exact
  ---
  duration_ms: 0.4767
  type: 'test'
  ...
# Subtest: active cancellation closes requests and demands a complete cancelled series
ok 48 - active cancellation closes requests and demands a complete cancelled series
  ---
  duration_ms: 1.0607
  type: 'test'
  ...
# Subtest: terminal and between-round behavior remains idempotent and score-preserving
ok 49 - terminal and between-round behavior remains idempotent and score-preserving
  ---
  duration_ms: 0.5622
  type: 'test'
  ...
# Subtest: proof covers both actors across every open Battle status
ok 50 - proof covers both actors across every open Battle status
  ---
  duration_ms: 0.827
  type: 'test'
  ...
# Subtest: proof covers authorization, terminal routes and live-session preservation
ok 51 - proof covers authorization, terminal routes and live-session preservation
  ---
  duration_ms: 0.4836
  type: 'test'
  ...
# Subtest: proof protects gifts, financial rows, balances and score provenance
ok 52 - proof protects gifts, financial rows, balances and score provenance
  ---
  duration_ms: 0.3219
  type: 'test'
  ...
# Subtest: real concurrency proof uses independent local-only connections and timeouts
ok 53 - real concurrency proof uses independent local-only connections and timeouts
  ---
  duration_ms: 0.3763
  type: 'test'
  ...
# Subtest: concurrency covers all five required races without accepting deadlocks
ok 54 - concurrency covers all five required races without accepting deadlocks
  ---
  duration_ms: 0.3181
  type: 'test'
  ...
# Subtest: C3 does not define a parallel authority or touch protected domains
ok 55 - C3 does not define a parallel authority or touch protected domains
  ---
  duration_ms: 0.3297
  type: 'test'
  ...
# Subtest: F5-A and manifests remain byte/logically protected
ok 56 - F5-A and manifests remain byte/logically protected
  ---
  duration_ms: 19.8204
  type: 'test'
  ...
# Subtest: F5-A and its C3 correction chain are the exact ordered migrations after F4D-C
ok 57 - F5-A and its C3 correction chain are the exact ordered migrations after F4D-C
  ---
  duration_ms: 4.6237
  type: 'test'
  ...
# Subtest: all previously deployed migrations remain byte-unmodified
ok 58 - all previously deployed migrations remain byte-unmodified
  ---
  duration_ms: 120.5047
  type: 'test'
  ...
# Subtest: series schema encodes single and best-of-five limits
ok 59 - series schema encodes single and best-of-five limits
  ---
  duration_ms: 1.8856
  type: 'test'
  ...
# Subtest: series counters and terminal timestamps are constrained
ok 60 - series counters and terminal timestamps are constrained
  ---
  duration_ms: 0.3706
  type: 'test'
  ...
# Subtest: only one open series can exist for an unordered host pair
ok 61 - only one open series can exist for an unordered host pair
  ---
  duration_ms: 1.1096
  type: 'test'
  ...
# Subtest: rematch requests enforce idempotency and one pending request per round
ok 62 - rematch requests enforce idempotency and one pending request per round
  ---
  duration_ms: 0.6896
  type: 'test'
  ...
# Subtest: new foreign-key access paths have full indexes
ok 63 - new foreign-key access paths have full indexes
  ---
  duration_ms: 0.5295
  type: 'test'
  ...
# Subtest: cross-table request validation binds participants and Battle series
ok 64 - cross-table request validation binds participants and Battle series
  ---
  duration_ms: 0.3025
  type: 'test'
  ...
# Subtest: internal tables have RLS and no direct grants
ok 65 - internal tables have RLS and no direct grants
  ---
  duration_ms: 0.8338
  type: 'test'
  ...
# Subtest: internal tables are explicitly excluded from publication
ok 66 - internal tables are explicitly excluded from publication
  ---
  duration_ms: 1.2568
  type: 'test'
  ...
# Subtest: historical Battles are backfilled without touching financial tables
ok 67 - historical Battles are backfilled without touching financial tables
  ---
  duration_ms: 3.3968
  type: 'test'
  ...
# Subtest: Battle series linkage is mandatory, unique, and capped at round five
ok 68 - Battle series linkage is mandatory, unique, and capped at round five
  ---
  duration_ms: 0.5788
  type: 'test'
  ...
# Subtest: initial invite keeps its public signature and creates best-of-five round one
ok 69 - initial invite keeps its public signature and creates best-of-five round one
  ---
  duration_ms: 0.581
  type: 'test'
  ...
# Subtest: initial invite preserves canonical locks, liveness, idempotency, and errors
ok 70 - initial invite preserves canonical locks, liveness, idempotency, and errors
  ---
  duration_ms: 0.2671
  type: 'test'
  ...
# Subtest: series aggregation trusts only Battles and score states
ok 71 - series aggregation trusts only Battles and score states
  ---
  duration_ms: 0.6167
  type: 'test'
  ...
# Subtest: series aggregation handles challenger, opponent, ties, cancellation, 3 wins, and round 5
ok 72 - series aggregation handles challenger, opponent, ties, cancellation, 3 wins, and round 5
  ---
  duration_ms: 0.5727
  type: 'test'
  ...
# Subtest: material score finalization triggers idempotent series rebuild
ok 73 - material score finalization triggers idempotent series rebuild
  ---
  duration_ms: 0.3583
  type: 'test'
  ...
# Subtest: request RPC validates actor, latest completed round, live hosts and 30-second window
ok 74 - request RPC validates actor, latest completed round, live hosts and 30-second window
  ---
  duration_ms: 0.3755
  type: 'test'
  ...
# Subtest: request RPC serializes concurrent callers and returns existing requests
ok 75 - request RPC serializes concurrent callers and returns existing requests
  ---
  duration_ms: 1.1385
  type: 'test'
  ...
# Subtest: response RPC accepts only exact decisions from the counterpart
ok 76 - response RPC accepts only exact decisions from the counterpart
  ---
  duration_ms: 0.3481
  type: 'test'
  ...
# Subtest: accept creates one direct-countdown next round with three auditable events
ok 77 - accept creates one direct-countdown next round with three auditable events
  ---
  duration_ms: 0.8714
  type: 'test'
  ...
# Subtest: double accept returns the already-created next round
ok 78 - double accept returns the already-created next round
  ---
  duration_ms: 0.8878
  type: 'test'
  ...
# Subtest: fresh rounds receive current rules and rely on existing score/power initialization
ok 79 - fresh rounds receive current rules and rely on existing score/power initialization
  ---
  duration_ms: 0.6934
  type: 'test'
  ...
# Subtest: reject and leave complete with accumulated authoritative result
ok 80 - reject and leave complete with accumulated authoritative result
  ---
  duration_ms: 0.4455
  type: 'test'
  ...
# Subtest: expiry is bounded, idempotent, and uses SKIP LOCKED
ok 81 - expiry is bounded, idempotent, and uses SKIP LOCKED
  ---
  duration_ms: 0.5054
  type: 'test'
  ...
# Subtest: public projection carries all sanitized series and rematch fields
ok 82 - public projection carries all sanitized series and rematch fields
  ---
  duration_ms: 2.247
  type: 'test'
  ...
# Subtest: public rematch request is scoped to the projected Battle with separate deadlines
ok 83 - public rematch request is scoped to the projected Battle with separate deadlines
  ---
  duration_ms: 0.8522
  type: 'test'
  ...
# Subtest: projection updates both session orientations atomically in the existing table
ok 84 - projection updates both session orientations atomically in the existing table
  ---
  duration_ms: 0.8989
  type: 'test'
  ...
# Subtest: snapshot preserves canonical local side and contains no financial fields
ok 85 - snapshot preserves canonical local side and contains no financial fields
  ---
  duration_ms: 1.1511
  type: 'test'
  ...
# Subtest: RPCs use empty search paths and schema-qualified references
ok 86 - RPCs use empty search paths and schema-qualified references
  ---
  duration_ms: 1.4921
  type: 'test'
  ...
# Subtest: new RPC execution is granted only to authenticated
ok 87 - new RPC execution is granted only to authenticated
  ---
  duration_ms: 2.1453
  type: 'test'
  ...
# Subtest: F5-A changes no Agora, Media Relay, Creator Recovery, Edge Function, manifest, or realtime schema
ok 88 - F5-A changes no Agora, Media Relay, Creator Recovery, Edge Function, manifest, or realtime schema
  ---
  duration_ms: 86.3578
  type: 'test'
  ...
# Subtest: migration is transactionally closed
ok 89 - migration is transactionally closed
  ---
  duration_ms: 0.3926
  type: 'test'
  ...
# Subtest: concurrency proof uses separate local PostgreSQL connections
ok 90 - concurrency proof uses separate local PostgreSQL connections
  ---
  duration_ms: 0.3548
  type: 'test'
  ...
# Subtest: F5-B strictly parses the exact request and best-of-five series JSON
ok 91 - F5-B strictly parses the exact request and best-of-five series JSON
  ---
  duration_ms: 4.323
  type: 'test'
  ...
# Subtest: client states are canonical for host, counterpart, viewer, expiry and terminal series
ok 92 - client states are canonical for host, counterpart, viewer, expiry and terminal series
  ---
  duration_ms: 1.0132
  type: 'test'
  ...
# Subtest: canonical onChange clears a non-blocking action error but stale projections do not
ok 93 - canonical onChange clears a non-blocking action error but stale projections do not
  ---
  duration_ms: 0.9004
  type: 'test'
  ...
# Subtest: C2 projection keeps request and rematch-window expiration separate
ok 94 - C2 projection keeps request and rematch-window expiration separate
  ---
  duration_ms: 1.5892
  type: 'test'
  ...
# Subtest: a request anchored to round one is discarded when hydrating round two
ok 95 - a request anchored to round one is discarded when hydrating round two
  ---
  duration_ms: 0.5326
  type: 'test'
  ...
# Subtest: single-flight blocks double touch and permits one later action
ok 96 - single-flight blocks double touch and permits one later action
  ---
  duration_ms: 0.7682
  type: 'test'
  ...
# Subtest: a rejected RPC releases single-flight so the same canonical action can retry
ok 97 - a rejected RPC releases single-flight so the same canonical action can retry
  ---
  duration_ms: 1.4908
  type: 'test'
  ...
# Subtest: host voluntary leave is bounded, best-effort and invoked exactly once
ok 98 - host voluntary leave is bounded, best-effort and invoked exactly once
  ---
  duration_ms: 1.2425
  type: 'test'
  ...
# Subtest: disconnects, background, viewers and terminal series never invoke series leave
ok 99 - disconnects, background, viewers and terminal series never invoke series leave
  ---
  duration_ms: 0.6821
  type: 'test'
  ...
# Subtest: leave rejection or timeout cannot prevent LIVE cleanup and navigation
ok 100 - leave rejection or timeout cannot prevent LIVE cleanup and navigation
  ---
  duration_ms: 13.463
  type: 'test'
  ...
# Subtest: only a new canonical round in the same series triggers transition
ok 101 - only a new canonical round in the same series triggers transition
  ---
  duration_ms: 0.379
  type: 'test'
  ...
# Subtest: RPC and Realtime candidates transition once and stale callbacks are ignored
ok 102 - RPC and Realtime candidates transition once and stale callbacks are ignored
  ---
  duration_ms: 0.2985
  type: 'test'
  ...
# Subtest: service consumes only the three authoritative RPCs and never internal tables
ok 103 - service consumes only the three authoritative RPCs and never internal tables
  ---
  duration_ms: 0.3946
  type: 'test'
  ...
# Subtest: RPC responses are validated, idempotent accept returns one canonical round
ok 104 - RPC responses are validated, idempotent accept returns one canonical round
  ---
  duration_ms: 27.9193
  type: 'test'
  ...
# Subtest: hook owns one projection subscription, reconciliation and complete cleanup
ok 105 - hook owns one projection subscription, reconciliation and complete cleanup
  ---
  duration_ms: 0.6186
  type: 'test'
  ...
# Subtest: host_ended sequences one bounded series leave before runtime and LIVE shutdown
ok 106 - host_ended sequences one bounded series leave before runtime and LIVE shutdown
  ---
  duration_ms: 0.9297
  type: 'test'
  ...
# Subtest: host and viewer use the same series UI while controls remain participant-gated
ok 107 - host and viewer use the same series UI while controls remain participant-gated
  ---
  duration_ms: 0.7497
  type: 'test'
  ...
# Subtest: deterministic C2, RPC, scope, manifest and migration guards are worktree-independent
ok 108 - deterministic C2, RPC, scope, manifest and migration guards are worktree-independent
  ---
  duration_ms: 18.0105
  type: 'test'
  ...
# Subtest: runtime correction preserves the exact RPC and supported two-key validation
ok 109 - runtime correction preserves the exact RPC and supported two-key validation
  ---
  duration_ms: 2.1003
  type: 'test'
  ...
# Subtest: exact-key model accepts only variant_id and quantity
ok 110 - exact-key model accepts only variant_id and quantity
  ---
  duration_ms: 0.624
  type: 'test'
  ...
# Subtest: pgcrypto and catalog primitives are explicitly schema-qualified
ok 111 - pgcrypto and catalog primitives are explicitly schema-qualified
  ---
  duration_ms: 0.4393
  type: 'test'
  ...
# Subtest: atomic reservation and idempotency guarantees remain unchanged
ok 112 - atomic reservation and idempotency guarantees remain unchanged
  ---
  duration_ms: 0.4511
  type: 'test'
  ...
# Subtest: RLS helper gets only the required execution capability
ok 113 - RLS helper gets only the required execution capability
  ---
  duration_ms: 2.67
  type: 'test'
  ...
# Subtest: runtime proof exercises caller roles, fixture exclusion and rollback
ok 114 - runtime proof exercises caller roles, fixture exclusion and rollback
  ---
  duration_ms: 0.7218
  type: 'test'
  ...
# Subtest: client reads preserve typed permission and transport failures
ok 115 - client reads preserve typed permission and transport failures
  ---
  duration_ms: 0.547
  type: 'test'
  ...
# Subtest: Marketplace screen loaders are failure-safe and distinguish error from empty
ok 116 - Marketplace screen loaders are failure-safe and distinguish error from empty
  ---
  duration_ms: 1.3708
  type: 'test'
  ...
1..116
# tests 116
# suites 0
# pass 116
# fail 0
# cancelled 0
# skipped 0
# todo 0
# duration_ms 2061.9603
