TAP version 13
# Subtest: new rule: gift 1 coins produces 10 base points
ok 1 - new rule: gift 1 coins produces 10 base points
  ---
  duration_ms: 1.1061
  type: 'test'
  ...
# Subtest: new rule: gift 5 coins produces 50 base points
ok 2 - new rule: gift 5 coins produces 50 base points
  ---
  duration_ms: 0.1229
  type: 'test'
  ...
# Subtest: likes have a server-authoritative competitive journal
ok 3 - likes have a server-authoritative competitive journal
  ---
  duration_ms: 0.1667
  type: 'test'
  ...
# Subtest: per-viewer cap is checked under the canonical Battle lock
ok 4 - per-viewer cap is checked under the canonical Battle lock
  ---
  duration_ms: 0.1593
  type: 'test'
  ...
# Subtest: like replay precedes mutable active-state validation
ok 5 - like replay precedes mutable active-state validation
  ---
  duration_ms: 0.2046
  type: 'test'
  ...
# Subtest: canonical reconciliation includes likes before deciding the winner
ok 6 - canonical reconciliation includes likes before deciding the winner
  ---
  duration_ms: 0.1125
  type: 'test'
  ...
# Subtest: rapid hearts batch with strict payload bounds and new keys after success
ok 7 - rapid hearts batch with strict payload bounds and new keys after success
  ---
  duration_ms: 57.7969
  type: 'test'
  ...
# Subtest: ambiguous failure preserves count and key; in-flight double flush cannot duplicate
ok 8 - ambiguous failure preserves count and key; in-flight double flush cannot duplicate
  ---
  duration_ms: 12.6861
  type: 'test'
  ...
# Subtest: closed context drains its original batch without updating the unmounted screen
ok 9 - closed context drains its original batch without updating the unmounted screen
  ---
  duration_ms: 9.2396
  type: 'test'
  ...
# Subtest: terminal authorization rejection stops retries without surfacing intrusive feedback
ok 10 - terminal authorization rejection stops retries without surfacing intrusive feedback
  ---
  duration_ms: 7.5977
  type: 'test'
  ...
# Subtest: Battle heart animates immediately before either network confirmation or batch transport
ok 11 - Battle heart animates immediately before either network confirmation or batch transport
  ---
  duration_ms: 4.5187
  type: 'test'
  ...
# Subtest: ordinary LIVE preserves visual reactions without requesting points
ok 12 - ordinary LIVE preserves visual reactions without requesting points
  ---
  duration_ms: 2.8675
  type: 'test'
  ...
# Subtest: countdown preserves visual reactions without requesting points
ok 13 - countdown preserves visual reactions without requesting points
  ---
  duration_ms: 3.4318
  type: 'test'
  ...
# Subtest: postround preserves visual reactions without requesting points
ok 14 - postround preserves visual reactions without requesting points
  ---
  duration_ms: 2.8086
  type: 'test'
  ...
# Subtest: local host preserves visual reactions without requesting points
ok 15 - local host preserves visual reactions without requesting points
  ---
  duration_ms: 3.348
  type: 'test'
  ...
# Subtest: opponent host preserves visual reactions without requesting points
ok 16 - opponent host preserves visual reactions without requesting points
  ---
  duration_ms: 2.5566
  type: 'test'
  ...
# Subtest: cap exhaustion cannot disable animations or calculate competitive points in React Native
ok 17 - cap exhaustion cannot disable animations or calculate competitive points in React Native
  ---
  duration_ms: 0.5042
  type: 'test'
  ...
# Subtest: effect remount creates a live queue after cleanup instead of reusing a closed one
ok 18 - effect remount creates a live queue after cleanup instead of reusing a closed one
  ---
  duration_ms: 4.415
  type: 'test'
  ...
1..18
# tests 18
# suites 0
# pass 18
# fail 0
# cancelled 0
# skipped 0
# todo 0
# duration_ms 648.0081
