TAP version 13
# Subtest: viewer Battle uses the dedicated Figma HUD over exactly two canonical surfaces
ok 1 - viewer Battle uses the dedicated Figma HUD over exactly two canonical surfaces
  ---
  duration_ms: 1.904
  type: 'test'
  ...
# Subtest: Battle viewer chrome matches the required header, rail, chat and gift CTA contract
ok 2 - Battle viewer chrome matches the required header, rail, chat and gift CTA contract
  ---
  duration_ms: 0.8458
  type: 'test'
  ...
# Subtest: commerce remains structurally excluded from Battle
ok 3 - commerce remains structurally excluded from Battle
  ---
  duration_ms: 0.6075
  type: 'test'
  ...
# Subtest: F7-A gift authority, single flight and modal success/error behavior stay intact
ok 4 - F7-A gift authority, single flight and modal success/error behavior stay intact
  ---
  duration_ms: 0.6161
  type: 'test'
  ...
# Subtest: large invitation is modal, accessible, blocks background and restores focus
ok 5 - large invitation is modal, accessible, blocks background and restores focus
  ---
  duration_ms: 0.2804
  type: 'test'
  ...
# Subtest: invitation expiry and action gate are deterministic and single-flight
ok 6 - invitation expiry and action gate are deterministic and single-flight
  ---
  duration_ms: 70.0125
  type: 'test'
  ...
# Subtest: watch consumes one invitation subscription and closes on success, terminal event or expiry
ok 7 - watch consumes one invitation subscription and closes on success, terminal event or expiry
  ---
  duration_ms: 0.3115
  type: 'test'
  ...
# Subtest: reduced motion and bounded invitation countdown clean up without polling
ok 8 - reduced motion and bounded invitation countdown clean up without polling
  ---
  duration_ms: 0.2149
  type: 'test'
  ...
# Subtest: protected manifests and deployed migrations remain LF-identical
ok 9 - protected manifests and deployed migrations remain LF-identical
  ---
  duration_ms: 28.5756
  type: 'test'
  ...
# Subtest: Battle stage keeps exactly two equal, edge-to-edge video surfaces
ok 10 - Battle stage keeps exactly two equal, edge-to-edge video surfaces
  ---
  duration_ms: 5.7905
  type: 'test'
  ...
# Subtest: sanitized host identities align to their canonical sides
ok 11 - sanitized host identities align to their canonical sides
  ---
  duration_ms: 2.5238
  type: 'test'
  ...
# Subtest: watch and broadcast expose only their two canonical Battle surfaces
ok 12 - watch and broadcast expose only their two canonical Battle surfaces
  ---
  duration_ms: 5.0791
  type: 'test'
  ...
# Subtest: additional cohost strips are structurally excluded during Battle and return afterward
ok 13 - additional cohost strips are structurally excluded during Battle and return afterward
  ---
  duration_ms: 5.9568
  type: 'test'
  ...
# Subtest: Battle broadcast layout is pure, composer-based, and independent of products
ok 14 - Battle broadcast layout is pure, composer-based, and independent of products
  ---
  duration_ms: 63.9439
  type: 'test'
  ...
# Subtest: broadcast Battle chat, panels, rail, and composer use Battle-specific positioning
ok 15 - broadcast Battle chat, panels, rail, and composer use Battle-specific positioning
  ---
  duration_ms: 12.9141
  type: 'test'
  ...
# Subtest: watch Battle chat and composer stay above the keyboard using composer clearance
ok 16 - watch Battle chat and composer stay above the keyboard using composer clearance
  ---
  duration_ms: 3.0745
  type: 'test'
  ...
# Subtest: timer remains server-anchored with one one-second interval and cleanup
ok 17 - timer remains server-anchored with one one-second interval and cleanup
  ---
  duration_ms: 0.4955
  type: 'test'
  ...
# Subtest: illustrative Figma scores and rounds are replaced by the accessible canonical projection
ok 18 - illustrative Figma scores and rounds are replaced by the accessible canonical projection
  ---
  duration_ms: 0.3361
  type: 'test'
  ...
# Subtest: watch closes and fully hides commerce during Battle while retaining normal LIVE commerce
ok 19 - watch closes and fully hides commerce during Battle while retaining normal LIVE commerce
  ---
  duration_ms: 3.4078
  type: 'test'
  ...
# Subtest: broadcast closes and hides product controls, CTA, feed, and manager during Battle
ok 20 - broadcast closes and hides product controls, CTA, feed, and manager during Battle
  ---
  duration_ms: 6.0562
  type: 'test'
  ...
# Subtest: watch reuses existing gift, reaction, share, and camera-request flows
ok 21 - watch reuses existing gift, reaction, share, and camera-request flows
  ---
  duration_ms: 0.5886
  type: 'test'
  ...
# Subtest: broadcast never adds a self-gift action and retains host controls
ok 22 - broadcast never adds a self-gift action and retains host controls
  ---
  duration_ms: 0.319
  type: 'test'
  ...
# Subtest: Battle controls and close action meet the forty-four pixel touch target
ok 23 - Battle controls and close action meet the forty-four pixel touch target
  ---
  duration_ms: 0.1533
  type: 'test'
  ...
# Subtest: the canonical-side migration remains present at the audited F5-A frontier
ok 24 - the canonical-side migration remains present at the audited F5-A frontier
  ---
  duration_ms: 8.4535
  type: 'test'
  ...
1..24
# tests 24
# suites 0
# pass 24
# fail 0
# cancelled 0
# skipped 0
# todo 0
# duration_ms 885.9455
